ubuntu@ip-10-2-10-68:~$ mysql --host=replica-udacity.cxycjirxsvwy.us-west-2.rds.amazonaws.com --user=admin --password=Manhcuong1992
mysql: [Warning] Using a password on the command line interface can be insecure.
Welcome to the MySQL monitor.  Commands end with ; or \g.
Your MySQL connection id is 30
Server version: 8.0.35 Source distribution

Copyright (c) 2000, 2024, Oracle and/or its affiliates.

Oracle is a registered trademark of Oracle Corporation and/or its
affiliates. Other names may be trademarks of their respective
owners.

Type 'help;' or '\h' for help. Type '\c' to clear the current input statement.

mysql> show databases
    -> ^C
mysql> show databases;
+--------------------+
| Database           |
+--------------------+
| information_schema |
| mysql              |
| performance_schema |
| sys                |
| udacity            |
+--------------------+
5 rows in set (0.00 sec)

mysql> use udacity;
Reading table information for completion of table and column names
You can turn off this feature to get a quicker startup with -A

Database changed
mysql> select * from Personal;
+------+----------+
| Id   | Fullname |
+------+----------+
|    1 | jonas    |
+------+----------+
1 row in set (0.00 sec)

mysql> insert into Personal(I^C
mysql> ^C
mysql> show tables Personal
    -> ^C
mysql> show tables Personal;
ERROR 1064 (42000): You have an error in your SQL syntax; check the manual that corresponds to your MySQL server version for the right syntax to use near 'Personal' at line 1
mysql> show tables Personal;
ERROR 1064 (42000): You have an error in your SQL syntax; check the manual that corresponds to your MySQL server version for the right syntax to use near 'Personal' at line 1
mysql> show tables from Personal;
ERROR 1049 (42000): Unknown database 'Personal'
mysql> show tables from udacity.Personal;
ERROR 1064 (42000): You have an error in your SQL syntax; check the manual that corresponds to your MySQL server version for the right syntax to use near '.Personal' at line 1
mysql> insert into Personal value(2,'Heelo world');
ERROR 1290 (HY000): The MySQL server is running with the --read-only option so it cannot execute this statement
mysql>